#-----------------------------------------------------------
# Vivado v2022.1 (64-bit)
# SW Build 3526262 on Mon Apr 18 15:48:16 MDT 2022
# IP Build 3524634 on Mon Apr 18 20:55:01 MDT 2022
# Start of session at: Sun Mar  5 16:45:43 2023
# Process ID: 12648
# Current directory: C:/Users/User/Desktop/FPGA_HW/final/Polish Notation/Polish Notation.srcs/utils_1/imports/synth_1
# Command line: vivado.exe -gui_launcher_event rodinguilauncherevent10620 C:\Users\User\Desktop\FPGA_HW\final\Polish Notation\Polish Notation.srcs\utils_1\imports\synth_1\TESTBED.dcp
# Log file: C:/Users/User/Desktop/FPGA_HW/final/Polish Notation/Polish Notation.srcs/utils_1/imports/synth_1/vivado.log
# Journal file: C:/Users/User/Desktop/FPGA_HW/final/Polish Notation/Polish Notation.srcs/utils_1/imports/synth_1\vivado.jou
# Running On: DESKTOP-N6LOO8D, OS: Windows, CPU Frequency: 2904 MHz, CPU Physical cores: 8, Host memory: 8370 MB
#-----------------------------------------------------------
start_gui
open_checkpoint {C:/Users/User/Desktop/FPGA_HW/final/Polish Notation/Polish Notation.srcs/utils_1/imports/synth_1/TESTBED.dcp}
